// Jest Snapshot v1, https://goo.gl/fbAQLP

exports[`SpinnerIcon component snapshot - displays spinner overlay with spinner icon 1`] = `
<div
  className="spinner-overlay w-100 h-100 d-flex justify-content-center align-items-start fixed-top"
>
  <Icon
    className="fa fa-spinner fa-spin fa-5x text-dark"
  />
</div>
`;

exports[`SpinnerIcon component snapshot - does not render if show: false 1`] = `""`;
