// Jest Snapshot v1, https://goo.gl/fbAQLP

exports[`CourseGradeFilter Component snapshots basic snapshot 1`] = `
<React.Fragment>
  <div
    className="row"
  >
    <div
      className="col-5 pr-0"
    >
      <PercentGroup
        id="minimum-grade"
        label={
          <FormattedMessage
            defaultMessage="Min Grade"
            description="Min-grade filter select label in Gradebook Filters"
            id="gradebook.GradebookFilters.minGradeFilterLabel"
          />
        }
        onChange={[MockFunction handleUpdateMin]}
        value="5"
      />
    </div>
    <div
      className="col-5 pr-0"
    >
      <PercentGroup
        id="maximum-grade"
        label={
          <FormattedMessage
            defaultMessage="Max Grade"
            description="Max-grade filter select label in Gradebook Filters"
            id="gradebook.GradebookFilters.maxGradeFilterLabel"
          />
        }
        onChange={[MockFunction handleUpdateMax]}
        value="92"
      />
    </div>
  </div>
  <div
    className="text-right"
  >
    <Button
      onClick={[MockFunction handleApplyClick]}
      variant="outline-secondary"
    >
      Apply
    </Button>
  </div>
</React.Fragment>
`;
