// Jest Snapshot v1, https://goo.gl/fbAQLP

exports[`HistoryHeader Component snapshot 1`] = `
<div
  className="row"
>
  <div
    className="col-2"
  >
    Brita
    : 
  </div>
  <div>
    hydration
  </div>
</div>
`;
