// Jest Snapshot v1, https://goo.gl/fbAQLP

exports[`ModalHeaders Component snapshots gradeOverrideHistoryError is and empty and open is true modal open and StatusAlert showing 1`] = `
<div>
  <HistoryHeader
    label={
      <FormattedMessage
        defaultMessage="Assignment"
        description="Edit Modal Assignment header"
        id="gradebook.GradesView.EditModal.headers.assignment"
      />
    }
    value="Qwerty"
  />
  <HistoryHeader
    label={
      <FormattedMessage
        defaultMessage="Student"
        description="Edit Modal Student header"
        id="gradebook.GradesView.EditModal.headers.student"
      />
    }
    value="Uiop"
  />
  <HistoryHeader
    label={
      <FormattedMessage
        defaultMessage="Original Grade"
        description="Edit Modal Original Grade header"
        id="gradebook.GradesView.EditModal.headers.originalGrade"
      />
    }
    value={20}
  />
  <HistoryHeader
    label={
      <FormattedMessage
        defaultMessage="Current Grade"
        description="Edit Modal Current Grade header"
        id="gradebook.GradesView.EditModal.headers.currentGrade"
      />
    }
    value={2}
  />
</div>
`;

exports[`ModalHeaders Component snapshots gradeOverrideHistoryError is empty and open is false modal closed and StatusAlert closed 1`] = `
<div>
  <HistoryHeader
    label={
      <FormattedMessage
        defaultMessage="Assignment"
        description="Edit Modal Assignment header"
        id="gradebook.GradesView.EditModal.headers.assignment"
      />
    }
    value="Qwerty"
  />
  <HistoryHeader
    label={
      <FormattedMessage
        defaultMessage="Student"
        description="Edit Modal Student header"
        id="gradebook.GradesView.EditModal.headers.student"
      />
    }
    value="Uiop"
  />
  <HistoryHeader
    label={
      <FormattedMessage
        defaultMessage="Original Grade"
        description="Edit Modal Original Grade header"
        id="gradebook.GradesView.EditModal.headers.originalGrade"
      />
    }
    value={20}
  />
  <HistoryHeader
    label={
      <FormattedMessage
        defaultMessage="Current Grade"
        description="Edit Modal Current Grade header"
        id="gradebook.GradesView.EditModal.headers.currentGrade"
      />
    }
    value={2}
  />
</div>
`;
